// Jest Snapshot v1, https://goo.gl/fbAQLP

exports[`Storyshots PhotoScreen default 1`] = `
<View
  style={
    Object {
      "alignItems": "stretch",
      "backgroundColor": "black",
      "flex": 1,
      "flexDirection": "column",
      "justifyContent": "space-around",
    }
  }
>
  <Camera
    aspect="fill"
    style={
      Object {
        "flex": 1,
        "justifyContent": "space-between",
      }
    }
  />
  <LinearGradient
    colors={
      Array [
        "rgba(0, 0, 0, .4)",
        "rgba(0, 0, 0, 0)",
      ]
    }
    style={
      Object {
        "backgroundColor": "transparent",
        "height": 76,
        "position": "absolute",
        "top": 0,
        "width": "100%",
      }
    }
  />
  <View
    collapsable={undefined}
    onLayout={[Function]}
    style={
      Object {
        "alignItems": "center",
        "backgroundColor": "transparent",
        "flexDirection": "row",
        "height": 76,
        "overflow": "hidden",
        "paddingHorizontal": 4,
        "paddingTop": 20,
        "position": "absolute",
        "shadowColor": "#000000",
        "shadowOffset": Object {
          "height": 2,
          "width": 0,
        },
        "shadowOpacity": 0.3,
        "shadowRadius": 4,
        "top": 0,
        "transform": Array [
          Object {
            "translateY": 0,
          },
        ],
        "width": "100%",
        "zIndex": 1,
      }
    }
  >
    <View
      style={
        Object {
          "bottom": 0,
          "left": 0,
          "position": "absolute",
          "right": 0,
          "top": 0,
        }
      }
    >
      <View
        collapsable={undefined}
        style={
          Object {
            "backgroundColor": "transparent",
            "borderRadius": 0,
            "height": 0,
            "position": "absolute",
            "right": undefined,
            "top": -0,
            "transform": Array [
              Object {
                "scale": 1,
              },
            ],
            "width": 0,
          }
        }
      />
      <View
        collapsable={undefined}
        style={
          Object {
            "backgroundColor": "#ffffff",
            "borderRadius": 0,
            "height": 0,
            "left": undefined,
            "position": "absolute",
            "top": -0,
            "transform": Array [
              Object {
                "scale": 0.01,
              },
            ],
            "width": 0,
          }
        }
      />
    </View>
    <View
      collapsable={undefined}
      style={
        Object {
          "backgroundColor": "transparent",
          "transform": Array [
            Object {
              "rotate": "0deg",
            },
          ],
        }
      }
    >
      <View
        accessibilityComponentType={undefined}
        accessibilityLabel={undefined}
        accessibilityTraits={undefined}
        accessible={true}
        hitSlop={undefined}
        nativeID={undefined}
        onLayout={undefined}
        onResponderGrant={[Function]}
        onResponderMove={[Function]}
        onResponderRelease={[Function]}
        onResponderTerminate={[Function]}
        onResponderTerminationRequest={[Function]}
        onStartShouldSetResponder={[Function]}
        style={undefined}
        testID={undefined}
      >
        <View
          collapsable={undefined}
          style={
            Object {
              "backgroundColor": "rgb(255, 255, 255)",
              "borderRadius": 21.6,
              "height": 43.2,
              "left": 2.3999999999999986,
              "opacity": 0.16,
              "position": "absolute",
              "top": 2.3999999999999986,
              "transform": Array [
                Object {
                  "scale": 0.01,
                },
              ],
              "width": 43.2,
              "zIndex": 1,
            }
          }
        />
        <View
          style={
            Array [
              Object {
                "alignItems": "center",
                "height": 48,
                "justifyContent": "center",
                "width": 48,
              },
              Object {
                "height": 48,
                "width": 48,
              },
              undefined,
            ]
          }
        >
          <Text
            accessible={true}
            allowFontScaling={false}
            disabled={false}
            ellipsizeMode="tail"
            style={
              Array [
                Object {
                  "color": "#ffffff",
                  "fontSize": 24,
                },
                undefined,
                Object {
                  "fontFamily": "Material Icons",
                  "fontStyle": "normal",
                  "fontWeight": "normal",
                },
              ]
            }
          >
            
          </Text>
        </View>
      </View>
    </View>
    <View
      accessibilityComponentType={undefined}
      accessibilityLabel={undefined}
      accessibilityTraits={undefined}
      accessible={true}
      collapsable={undefined}
      hitSlop={undefined}
      nativeID={undefined}
      onLayout={undefined}
      onResponderGrant={[Function]}
      onResponderMove={[Function]}
      onResponderRelease={[Function]}
      onResponderTerminate={[Function]}
      onResponderTerminationRequest={[Function]}
      onStartShouldSetResponder={[Function]}
      style={
        Object {
          "flex": 1,
          "marginLeft": 20,
          "opacity": 1,
        }
      }
      testID={undefined}
    >
      <Text
        accessible={true}
        allowFontScaling={true}
        disabled={false}
        ellipsizeMode="tail"
        numberOfLines={1}
        style={
          Array [
            Object {
              "color": "#ffffff",
              "fontFamily": "Roboto",
              "fontSize": 20,
              "fontWeight": "500",
            },
            false,
            undefined,
          ]
        }
      >
        Choose a Photo
      </Text>
    </View>
    <View
      style={
        Array [
          Object {
            "backgroundColor": "transparent",
            "flexDirection": "row",
          },
          false,
          undefined,
        ]
      }
    >
      <View
        accessibilityComponentType={undefined}
        accessibilityLabel={undefined}
        accessibilityTraits={undefined}
        accessible={true}
        hitSlop={undefined}
        nativeID={undefined}
        onLayout={undefined}
        onResponderGrant={[Function]}
        onResponderMove={[Function]}
        onResponderRelease={[Function]}
        onResponderTerminate={[Function]}
        onResponderTerminationRequest={[Function]}
        onStartShouldSetResponder={[Function]}
        style={undefined}
        testID={undefined}
      >
        <View
          collapsable={undefined}
          style={
            Object {
              "backgroundColor": "rgb(255, 255, 255)",
              "borderRadius": 21.6,
              "height": 43.2,
              "left": 2.3999999999999986,
              "opacity": 0.16,
              "position": "absolute",
              "top": 2.3999999999999986,
              "transform": Array [
                Object {
                  "scale": 0.01,
                },
              ],
              "width": 43.2,
              "zIndex": 1,
            }
          }
        />
        <View
          style={
            Array [
              Object {
                "alignItems": "center",
                "height": 48,
                "justifyContent": "center",
                "width": 48,
              },
              Object {
                "height": 48,
                "width": 48,
              },
              undefined,
            ]
          }
        >
          <Text
            accessible={true}
            allowFontScaling={false}
            disabled={false}
            ellipsizeMode="tail"
            style={
              Array [
                Object {
                  "color": "#ffffff",
                  "fontSize": 24,
                },
                undefined,
                Object {
                  "fontFamily": "Material Icons",
                  "fontStyle": "normal",
                  "fontWeight": "normal",
                },
              ]
            }
          >
            
          </Text>
        </View>
      </View>
    </View>
  </View>
  <View
    style={
      Object {
        "alignItems": "stretch",
        "backgroundColor": "transparent",
        "bottom": 0,
        "flexDirection": "column",
        "position": "absolute",
        "width": "100%",
      }
    }
  >
    <View
      accessibilityComponentType="button"
      accessibilityLabel={undefined}
      accessibilityTraits={
        Array [
          "button",
        ]
      }
      accessible={true}
      collapsable={undefined}
      hitSlop={undefined}
      isTVSelectable={true}
      nativeID={undefined}
      onLayout={undefined}
      onResponderGrant={[Function]}
      onResponderMove={[Function]}
      onResponderRelease={[Function]}
      onResponderTerminate={[Function]}
      onResponderTerminationRequest={[Function]}
      onStartShouldSetResponder={[Function]}
      style={
        Object {
          "opacity": 1,
        }
      }
      testID={undefined}
      tvParallaxProperties={undefined}
    >
      <View
        style={
          Array [
            Object {},
          ]
        }
      >
        <Text
          accessible={true}
          allowFontScaling={true}
          disabled={false}
          ellipsizeMode="tail"
          style={
            Array [
              Object {
                "color": "#007AFF",
                "fontSize": 18,
                "padding": 8,
                "textAlign": "center",
              },
            ]
          }
        >
          Shutter
        </Text>
      </View>
    </View>
    <View>
      <LinearGradient
        colors={
          Array [
            "rgba(0, 0, 0, 0)",
            "rgba(0, 0, 0, .4)",
          ]
        }
        style={
          Object {
            "backgroundColor": "transparent",
            "bottom": 0,
            "position": "absolute",
            "top": 0,
            "width": "100%",
          }
        }
      />
      <RCTScrollView
        horizontal={true}
        style={Object {}}
      >
        <View>
          <View
            accessibilityComponentType={undefined}
            accessibilityLabel={undefined}
            accessibilityTraits={undefined}
            accessible={true}
            collapsable={undefined}
            hitSlop={undefined}
            isTVSelectable={true}
            nativeID={undefined}
            onLayout={undefined}
            onResponderGrant={[Function]}
            onResponderMove={[Function]}
            onResponderRelease={[Function]}
            onResponderTerminate={[Function]}
            onResponderTerminationRequest={[Function]}
            onStartShouldSetResponder={[Function]}
            style={
              Object {
                "alignItems": "center",
                "borderColor": "rgba(255, 255, 255, .79)",
                "borderRadius": 8,
                "borderWidth": 2,
                "height": 78,
                "justifyContent": "space-around",
                "margin": 8,
                "opacity": 1,
                "width": 78,
              }
            }
            testID={undefined}
            tvParallaxProperties={undefined}
          >
            <Text
              accessible={true}
              allowFontScaling={false}
              disabled={false}
              ellipsizeMode="tail"
              style={
                Array [
                  Object {
                    "color": "rgba(255, 255, 255, .79)",
                    "fontSize": 64,
                  },
                  undefined,
                  Object {
                    "fontFamily": "Material Icons",
                    "fontStyle": "normal",
                    "fontWeight": "normal",
                  },
                ]
              }
            >
              
            </Text>
          </View>
        </View>
      </RCTScrollView>
    </View>
  </View>
</View>
`;
